success
success
success
x//0 y//1 z//2
y//1 x//0
0